app/dashboard/projects/[id]/page.tsx(97,26): error TS2322: Type '({ assignee: { id: string; email: string; fullName: string | null; avatarUrl: string | null; } | null; } & { projectId: string; status: string; title: string; description: string | null; priority: string; ... 4 more ...; assigneeId: string | null; })[]' is not assignable to type 'Task[]'.
  Type '{ assignee: { id: string; email: string; fullName: string | null; avatarUrl: string | null; } | null; } & { projectId: string; status: string; title: string; description: string | null; priority: string; ... 4 more ...; assigneeId: string | null; }' is missing the following properties from type 'Task': dueDate, position
app/dashboard/tasks/[id]/page.tsx(156,25): error TS2322: Type '({ user: { id: string; email: string; fullName: string | null; avatarUrl: string | null; }; } & { id: string; content: string; createdAt: Date; updatedAt: Date; taskId: string; userId: string; })[]' is not assignable to type 'Comment[]'.
  Type '{ user: { id: string; email: string; fullName: string | null; avatarUrl: string | null; }; } & { id: string; content: string; createdAt: Date; updatedAt: Date; taskId: string; userId: string; }' is missing the following properties from type 'Comment': created_at, updated_at
components/providers/SocketProvider.tsx(7,13): error TS2749: 'Socket' refers to a value, but is being used as a type here. Did you mean 'typeof Socket'?
components/providers/SocketProvider.tsx(19,36): error TS2749: 'Socket' refers to a value, but is being used as a type here. Did you mean 'typeof Socket'?
components/providers/SocketProvider.tsx(20,42): error TS2749: 'Socket' refers to a value, but is being used as a type here. Did you mean 'typeof Socket'?
